Copyright 1986-2022 Xilinx, Inc. All Rights Reserved.
-----------------------------------------------------------------------------------------------
| Tool Version : Vivado v.2022.2.1 (win64) Build 3719031 Thu Dec  8 18:35:04 MST 2022
| Date         : Tue May 16 01:30:43 2023
| Host         : rtlaptop running 64-bit major release  (build 9200)
| Command      : report_control_sets -verbose -file cpu_system_wrapper_control_sets_placed.rpt
| Design       : cpu_system_wrapper
| Device       : xc7k70t
-----------------------------------------------------------------------------------------------

Control Set Information

Table of Contents
-----------------
1. Summary
2. Histogram
3. Flip-Flop Distribution
4. Detailed Control Set Information

1. Summary
----------

+----------------------------------------------------------+-------+
|                          Status                          | Count |
+----------------------------------------------------------+-------+
| Total control sets                                       |   108 |
|    Minimum number of control sets                        |   108 |
|    Addition due to synthesis replication                 |     0 |
|    Addition due to physical synthesis replication        |     0 |
| Unused register locations in slices containing registers |   319 |
+----------------------------------------------------------+-------+
* Control sets can be merged at opt_design using control_set_merge or merge_equivalent_drivers
** Run report_qor_suggestions for automated merging and remapping suggestions


2. Histogram
------------

+--------------------+-------+
|       Fanout       | Count |
+--------------------+-------+
| Total control sets |   108 |
| >= 0 to < 4        |    15 |
| >= 4 to < 6        |    17 |
| >= 6 to < 8        |     9 |
| >= 8 to < 10       |    12 |
| >= 10 to < 12      |     5 |
| >= 12 to < 14      |     3 |
| >= 14 to < 16      |     0 |
| >= 16              |    47 |
+--------------------+-------+
* Control sets can be remapped at either synth_design or opt_design


3. Flip-Flop Distribution
-------------------------

+--------------+-----------------------+------------------------+-----------------+--------------+
| Clock Enable | Synchronous Set/Reset | Asynchronous Set/Reset | Total Registers | Total Slices |
+--------------+-----------------------+------------------------+-----------------+--------------+
| No           | No                    | No                     |             398 |          125 |
| No           | No                    | Yes                    |              29 |            7 |
| No           | Yes                   | No                     |             489 |          171 |
| Yes          | No                    | No                     |             270 |           67 |
| Yes          | No                    | Yes                    |              15 |            8 |
| Yes          | Yes                   | No                     |            1272 |          405 |
+--------------+-----------------------+------------------------+-----------------+--------------+


4. Detailed Control Set Information
-----------------------------------

+--------------------------------------------------------------+--------------------------------------------------------------------------------------------------------------------------------------------------------------------------------------------------------------+----------------------------------------------------------------------------------------------------------------------------------------------------------------------------------+------------------+----------------+--------------+
|                         Clock Signal                         |                                                                                                 Enable Signal                                                                                                |                                                                                 Set/Reset Signal                                                                                 | Slice Load Count | Bel Load Count | Bels / Slice |
+--------------------------------------------------------------+--------------------------------------------------------------------------------------------------------------------------------------------------------------------------------------------------------------+----------------------------------------------------------------------------------------------------------------------------------------------------------------------------------+------------------+----------------+--------------+
|  cpu_system_i/mdm_1/U0/Use_E2.BSCAN_I/Dbg_Update_0_BUFG      | cpu_system_i/microblaze_0/U0/MicroBlaze_Core_I/Performance.Core/Use_Debug_Logic.Master_Core.Debug_Perf/Control_Reg_En                                                                                        | cpu_system_i/microblaze_0/U0/MicroBlaze_Core_I/Performance.Core/Use_Debug_Logic.Master_Core.Debug_Perf/Serial_Dbg_Intf.continue_from_brk_reg_n_0                                 |                1 |              1 |         1.00 |
|  cpu_system_i/clk_wiz_1/inst/clk_out1                        | cpu_system_i/microblaze_0/U0/MicroBlaze_Core_I/Performance.Core/Decode_I/div_busy_reg[0]                                                                                                                     |                                                                                                                                                                                  |                1 |              1 |         1.00 |
|  cpu_system_i/clk_wiz_1/inst/clk_out1                        |                                                                                                                                                                                                              | cpu_system_i/timer/U0/TC_CORE_I/TIMER_CONTROL_I/READ_DONE0_I_i_1_n_0                                                                                                             |                1 |              1 |         1.00 |
|  cpu_system_i/mdm_1/U0/Use_E2.BSCAN_I/Dbg_Update_0_BUFG      | cpu_system_i/microblaze_0/U0/MicroBlaze_Core_I/Performance.Core/Use_Debug_Logic.Master_Core.Debug_Perf/Control_Reg_En                                                                                        | cpu_system_i/microblaze_0/U0/MicroBlaze_Core_I/Performance.Core/Use_Debug_Logic.Master_Core.Debug_Perf/start_single_step_reg_n_0                                                 |                1 |              1 |         1.00 |
|  cpu_system_i/clk_wiz_1/inst/clk_out1                        |                                                                                                                                                                                                              | cpu_system_i/timer/U0/AXI4_LITE_I/I_SLAVE_ATTACHMENT/I_DECODER/GEN_BKEND_CE_REGISTERS[4].ce_out_i_reg[4]_0                                                                       |                1 |              1 |         1.00 |
|  cpu_system_i/mdm_1/U0/No_Dbg_Reg_Access.BUFG_DRCK/Dbg_Clk_0 | cpu_system_i/mdm_1/U0/Use_E2.BSCAN_I/Use_E2.BSCANE2_I_0                                                                                                                                                      | cpu_system_i/mdm_1/U0/MDM_Core_I1/JTAG_CONTROL_I/Functional_Reset                                                                                                                |                1 |              1 |         1.00 |
|  cpu_system_i/mdm_1/U0/Use_E2.BSCAN_I/Dbg_Update_0_BUFG      | cpu_system_i/microblaze_0/U0/MicroBlaze_Core_I/Performance.Core/Use_Debug_Logic.Master_Core.Debug_Perf/Control_Reg_En                                                                                        | cpu_system_i/microblaze_0/U0/MicroBlaze_Core_I/Performance.Core/Use_Debug_Logic.Master_Core.Debug_Perf/Serial_Dbg_Intf.force_stop_cmd_i_reg_0                                    |                1 |              1 |         1.00 |
|  cpu_system_i/mdm_1/U0/Use_E2.BSCAN_I/Dbg_Update_0_BUFG      | cpu_system_i/microblaze_0/U0/MicroBlaze_Core_I/Performance.Core/Use_Debug_Logic.Master_Core.Debug_Perf/Control_Reg_En                                                                                        | cpu_system_i/microblaze_0/U0/MicroBlaze_Core_I/Performance.Core/Use_Debug_Logic.Master_Core.Debug_Perf/Serial_Dbg_Intf.normal_stop_cmd_i_reg_n_0                                 |                1 |              1 |         1.00 |
|  cpu_system_i/clk_wiz_1/inst/clk_out1                        |                                                                                                                                                                                                              | cpu_system_i/timer/U0/AXI4_LITE_I/I_SLAVE_ATTACHMENT/I_DECODER/GEN_BKEND_CE_REGISTERS[0].ce_out_i_reg[0]_0                                                                       |                1 |              1 |         1.00 |
| ~cpu_system_i/mdm_1/U0/Use_E2.BSCAN_I/Dbg_Update_0_BUFG      |                                                                                                                                                                                                              | cpu_system_i/mdm_1/U0/MDM_Core_I1/JTAG_CONTROL_I/sel_n                                                                                                                           |                1 |              1 |         1.00 |
| ~cpu_system_i/mdm_1/U0/No_Dbg_Reg_Access.BUFG_DRCK/Dbg_Clk_0 | cpu_system_i/mdm_1/U0/MDM_Core_I1/JTAG_CONTROL_I/Use_BSCAN.FDC_I/CE                                                                                                                                          | cpu_system_i/mdm_1/U0/MDM_Core_I1/JTAG_CONTROL_I/Use_BSCAN.FDC_I/D                                                                                                               |                1 |              1 |         1.00 |
|  cpu_system_i/clk_wiz_1/inst/clk_out1                        |                                                                                                                                                                                                              | cpu_system_i/timer/U0/TC_CORE_I/TIMER_CONTROL_I/READ_DONE1_I_i_1_n_0                                                                                                             |                1 |              1 |         1.00 |
|  cpu_system_i/clk_wiz_1/inst/clk_out1                        |                                                                                                                                                                                                              | cpu_system_i/microblaze_0/U0/MicroBlaze_Core_I/Performance.Core/Use_Debug_Logic.Master_Core.Debug_Perf/Serial_Dbg_Intf.capture_1                                                 |                1 |              1 |         1.00 |
|  cpu_system_i/mdm_1/U0/Use_E2.BSCAN_I/Dbg_Update_0_BUFG      | cpu_system_i/microblaze_0/U0/MicroBlaze_Core_I/Performance.Core/Use_Debug_Logic.Master_Core.Debug_Perf/Command_Reg_En                                                                                        | cpu_system_i/microblaze_0/U0/MicroBlaze_Core_I/Performance.Core/Use_Debug_Logic.Master_Core.Debug_Perf/command_reg_clear                                                         |                1 |              2 |         2.00 |
|  cpu_system_i/mdm_1/U0/Use_E2.BSCAN_I/Dbg_Update_0_BUFG      |                                                                                                                                                                                                              |                                                                                                                                                                                  |                2 |              3 |         1.50 |
| ~cpu_system_i/mdm_1/U0/Use_E2.BSCAN_I/Dbg_Update_0_BUFG      |                                                                                                                                                                                                              | cpu_system_i/mdm_1/U0/Use_E2.BSCAN_I/AR[0]                                                                                                                                       |                1 |              4 |         4.00 |
|  cpu_system_i/clk_wiz_1/inst/clk_out1                        | cpu_system_i/timer/U0/AXI4_LITE_I/I_SLAVE_ATTACHMENT/I_DECODER/pair0_Select                                                                                                                                  | cpu_system_i/timer/U0/TC_CORE_I/GEN_SECOND_TIMER.COUNTER_1_I/COUNTER_I/s_axi_aresetn_0                                                                                           |                1 |              4 |         4.00 |
|  cpu_system_i/clk_wiz_1/inst/clk_out1                        | cpu_system_i/gpio_sw_btn/U0/AXI_LITE_IPIF_I/I_SLAVE_ATTACHMENT/I_DECODER/bus2ip_rnw_i_reg[0]                                                                                                                 | cpu_system_i/gpio_sw_btn/U0/AXI_LITE_IPIF_I/I_SLAVE_ATTACHMENT/SR[0]                                                                                                             |                1 |              4 |         4.00 |
|  cpu_system_i/clk_wiz_1/inst/clk_out1                        |                                                                                                                                                                                                              | cpu_system_i/gpio_led_disp/U0/AXI_LITE_IPIF_I/I_SLAVE_ATTACHMENT/clear                                                                                                           |                1 |              4 |         4.00 |
|  cpu_system_i/clk_wiz_1/inst/clk_out1                        |                                                                                                                                                                                                              | cpu_system_i/gpio_sw_btn/U0/AXI_LITE_IPIF_I/I_SLAVE_ATTACHMENT/clear                                                                                                             |                1 |              4 |         4.00 |
|  cpu_system_i/clk_wiz_1/inst/clk_out1                        | cpu_system_i/gpio_led_disp/U0/AXI_LITE_IPIF_I/I_SLAVE_ATTACHMENT/start2                                                                                                                                      | cpu_system_i/gpio_led_disp/U0/AXI_LITE_IPIF_I/I_SLAVE_ATTACHMENT/I_DECODER/cs_ce_clr                                                                                             |                1 |              4 |         4.00 |
|  cpu_system_i/clk_wiz_1/inst/clk_out1                        | cpu_system_i/gpio_led_disp/U0/AXI_LITE_IPIF_I/I_SLAVE_ATTACHMENT/bus2ip_addr_i[8]_i_1_n_0                                                                                                                    | cpu_system_i/gpio_led_disp/U0/AXI_LITE_IPIF_I/I_SLAVE_ATTACHMENT/SR[0]                                                                                                           |                1 |              4 |         4.00 |
|  cpu_system_i/clk_wiz_1/inst/clk_out1                        |                                                                                                                                                                                                              | cpu_system_i/microblaze_0_axi_intc/U0/AXI_LITE_IPIF_I/I_SLAVE_ATTACHMENT/clear                                                                                                   |                1 |              4 |         4.00 |
|  cpu_system_i/clk_wiz_1/inst/clk_out1                        | cpu_system_i/timer/U0/AXI4_LITE_I/I_SLAVE_ATTACHMENT/bus2ip_addr_i[4]_i_1_n_0                                                                                                                                | cpu_system_i/timer/U0/AXI4_LITE_I/I_SLAVE_ATTACHMENT/rst                                                                                                                         |                1 |              4 |         4.00 |
|  cpu_system_i/clk_wiz_1/inst/clk_out1                        | cpu_system_i/microblaze_0/U0/MicroBlaze_Core_I/Performance.Core/Decode_I/wb_PipeRun_i_reg_0[0]                                                                                                               | cpu_system_i/microblaze_0/U0/MicroBlaze_Core_I/sync_reset                                                                                                                        |                1 |              4 |         4.00 |
|  cpu_system_i/clk_wiz_1/inst/clk_out1                        | cpu_system_i/uartlite/U0/AXI_LITE_IPIF_I/I_SLAVE_ATTACHMENT/start2                                                                                                                                           | cpu_system_i/uartlite/U0/AXI_LITE_IPIF_I/I_SLAVE_ATTACHMENT/I_DECODER/cs_ce_clr                                                                                                  |                1 |              4 |         4.00 |
|  cpu_system_i/mdm_1/U0/Use_E2.BSCAN_I/Dbg_Update_0_BUFG      | cpu_system_i/mdm_1/U0/MDM_Core_I1/Use_BSCAN.MDM_SEL                                                                                                                                                          | cpu_system_i/mdm_1/U0/Use_E2.BSCAN_I/AR[0]                                                                                                                                       |                1 |              4 |         4.00 |
|  cpu_system_i/clk_wiz_1/inst/clk_out1                        | cpu_system_i/uartlite/U0/UARTLITE_CORE_I/BAUD_RATE_I/en_16x_Baud                                                                                                                                             |                                                                                                                                                                                  |                1 |              4 |         4.00 |
|  cpu_system_i/mdm_1/U0/No_Dbg_Reg_Access.BUFG_DRCK/Dbg_Clk_0 | cpu_system_i/mdm_1/U0/MDM_Core_I1/Use_BSCAN.TDI_Shifter0                                                                                                                                                     | cpu_system_i/mdm_1/U0/Use_E2.BSCAN_I/AR[0]                                                                                                                                       |                1 |              4 |         4.00 |
|  cpu_system_i/clk_wiz_1/inst/clk_out1                        | cpu_system_i/microblaze_0/U0/MicroBlaze_Core_I/Performance.Core/Decode_I/wb_Halted                                                                                                                           | cpu_system_i/microblaze_0/U0/MicroBlaze_Core_I/sync_reset                                                                                                                        |                1 |              5 |         5.00 |
|  cpu_system_i/clk_wiz_1/inst/clk_out1                        |                                                                                                                                                                                                              | cpu_system_i/rst_clk_wiz_1_100M/U0/EXT_LPF/lpf_int                                                                                                                               |                2 |              5 |         2.50 |
|  cpu_system_i/mdm_1/U0/Use_E2.BSCAN_I/Dbg_Update_0_BUFG      | cpu_system_i/microblaze_0/U0/MicroBlaze_Core_I/Performance.Core/Use_Debug_Logic.Master_Core.Debug_Perf/Control_Reg_En                                                                                        |                                                                                                                                                                                  |                4 |              5 |         1.25 |
|  cpu_system_i/mdm_1/U0/No_Dbg_Reg_Access.BUFG_DRCK/Dbg_Clk_0 | cpu_system_i/mdm_1/U0/MDM_Core_I1/JTAG_CONTROL_I/Use_BSCAN.FDC_I/sample_1                                                                                                                                    |                                                                                                                                                                                  |                1 |              6 |         6.00 |
|  cpu_system_i/mdm_1/U0/No_Dbg_Reg_Access.BUFG_DRCK/Dbg_Clk_0 | cpu_system_i/mdm_1/U0/Use_E2.BSCAN_I/Use_E2.BSCANE2_I_2                                                                                                                                                      |                                                                                                                                                                                  |                1 |              6 |         6.00 |
|  cpu_system_i/mdm_1/U0/No_Dbg_Reg_Access.BUFG_DRCK/Dbg_Clk_0 | cpu_system_i/mdm_1/U0/Use_E2.BSCAN_I/sel                                                                                                                                                                     |                                                                                                                                                                                  |                2 |              6 |         3.00 |
|  cpu_system_i/clk_wiz_1/inst/clk_out1                        |                                                                                                                                                                                                              | cpu_system_i/timer/U0/AXI4_LITE_I/I_SLAVE_ATTACHMENT/INCLUDE_DPHASE_TIMER.dpto_cnt[5]_i_1_n_0                                                                                    |                2 |              6 |         3.00 |
|  cpu_system_i/clk_wiz_1/inst/clk_out1                        |                                                                                                                                                                                                              | cpu_system_i/uartlite/U0/UARTLITE_CORE_I/UARTLITE_RX_I/SRL_FIFO_I/I_SRL_FIFO_RBU_F/CNTR_INCR_DECR_ADDN_F_I/SS[0]                                                                 |                3 |              6 |         2.00 |
|  cpu_system_i/clk_wiz_1/inst/clk_out1                        |                                                                                                                                                                                                              | cpu_system_i/uartlite/U0/UARTLITE_CORE_I/UARTLITE_TX_I/SRL_FIFO_I/I_SRL_FIFO_RBU_F/CNTR_INCR_DECR_ADDN_F_I/SS[0]                                                                 |                3 |              6 |         2.00 |
|  cpu_system_i/clk_wiz_1/inst/clk_out1                        | cpu_system_i/rst_clk_wiz_1_100M/U0/SEQ/seq_cnt_en                                                                                                                                                            | cpu_system_i/rst_clk_wiz_1_100M/U0/SEQ/SEQ_COUNTER/clear                                                                                                                         |                1 |              6 |         6.00 |
|  cpu_system_i/clk_wiz_1/inst/clk_out1                        | cpu_system_i/uartlite/U0/UARTLITE_CORE_I/BAUD_RATE_I/en_16x_Baud                                                                                                                                             | cpu_system_i/uartlite/U0/UARTLITE_CORE_I/UARTLITE_RX_I/SERIAL_TO_PARALLEL[8].fifo_din[8]_i_1_n_0                                                                                 |                1 |              7 |         7.00 |
|  cpu_system_i/clk_wiz_1/inst/clk_out1                        | cpu_system_i/timer/U0/AXI4_LITE_I/I_SLAVE_ATTACHMENT/start2                                                                                                                                                  | cpu_system_i/timer/U0/AXI4_LITE_I/I_SLAVE_ATTACHMENT/I_DECODER/cs_ce_clr                                                                                                         |                2 |              7 |         3.50 |
|  cpu_system_i/clk_wiz_1/inst/clk_out1                        | cpu_system_i/microblaze_0_axi_intc/U0/AXI_LITE_IPIF_I/I_SLAVE_ATTACHMENT/bus2ip_addr_i[8]_i_1_n_0                                                                                                            | cpu_system_i/microblaze_0_axi_intc/U0/AXI_LITE_IPIF_I/I_SLAVE_ATTACHMENT/rst                                                                                                     |                2 |              8 |         4.00 |
|  cpu_system_i/clk_wiz_1/inst/clk_out1                        | cpu_system_i/uartlite/U0/AXI_LITE_IPIF_I/I_SLAVE_ATTACHMENT/I_DECODER/fifo_wr                                                                                                                                |                                                                                                                                                                                  |                1 |              8 |         8.00 |
|  cpu_system_i/mdm_1/U0/Use_E2.BSCAN_I/Dbg_Update_0_BUFG      | cpu_system_i/mdm_1/U0/MDM_Core_I1/JTAG_CONTROL_I/Use_BSCAN.FDC_I/command_10                                                                                                                                  |                                                                                                                                                                                  |                1 |              8 |         8.00 |
|  cpu_system_i/mdm_1/U0/No_Dbg_Reg_Access.BUFG_DRCK/Dbg_Clk_0 | cpu_system_i/mdm_1/U0/MDM_Core_I1/JTAG_CONTROL_I/tdi_shifter0                                                                                                                                                |                                                                                                                                                                                  |                2 |              8 |         4.00 |
|  cpu_system_i/clk_wiz_1/inst/clk_out1                        | cpu_system_i/uartlite/U0/AXI_LITE_IPIF_I/I_SLAVE_ATTACHMENT/s_axi_rresp_i                                                                                                                                    | cpu_system_i/uartlite/U0/AXI_LITE_IPIF_I/I_SLAVE_ATTACHMENT/rst                                                                                                                  |                2 |              8 |         4.00 |
|  cpu_system_i/mdm_1/U0/No_Dbg_Reg_Access.BUFG_DRCK/Dbg_Clk_0 | cpu_system_i/microblaze_0/U0/MicroBlaze_Core_I/Performance.Core/Use_Debug_Logic.Master_Core.Debug_Perf/Using_PC_Breakpoints.All_PC_Brks[0].Serial_Interface_1.address_hit_I/Compare[0].SRLC16E_I/which_pc__0 |                                                                                                                                                                                  |                7 |              8 |         1.14 |
|  cpu_system_i/clk_wiz_1/inst/clk_out1                        | cpu_system_i/uartlite/U0/UARTLITE_CORE_I/UARTLITE_RX_I/SRL_FIFO_I/I_SRL_FIFO_RBU_F/DYNSHREG_F_I/fifo_wr                                                                                                      |                                                                                                                                                                                  |                1 |              8 |         8.00 |
| ~cpu_system_i/mdm_1/U0/Use_E2.BSCAN_I/Dbg_Update_0_BUFG      | cpu_system_i/mdm_1/U0/MDM_Core_I1/JTAG_CONTROL_I/Use_BSCAN.command[0]_i_1_n_0                                                                                                                                |                                                                                                                                                                                  |                2 |              8 |         4.00 |
|  cpu_system_i/clk_wiz_1/inst/clk_out1                        | cpu_system_i/timer/U0/AXI4_LITE_I/I_SLAVE_ATTACHMENT/I_DECODER/bus2ip_wrce[0]                                                                                                                                | cpu_system_i/timer/U0/TC_CORE_I/GEN_SECOND_TIMER.COUNTER_1_I/COUNTER_I/s_axi_aresetn_0                                                                                           |                2 |              8 |         4.00 |
|  cpu_system_i/clk_wiz_1/inst/clk_out1                        | cpu_system_i/gpio_sw_btn/U0/AXI_LITE_IPIF_I/I_SLAVE_ATTACHMENT/bus2ip_addr_i[8]_i_1_n_0                                                                                                                      | cpu_system_i/gpio_sw_btn/U0/AXI_LITE_IPIF_I/I_SLAVE_ATTACHMENT/SR[0]                                                                                                             |                1 |              8 |         8.00 |
|  cpu_system_i/clk_wiz_1/inst/clk_out1                        | cpu_system_i/gpio_sw_btn/U0/AXI_LITE_IPIF_I/I_SLAVE_ATTACHMENT/I_DECODER/E[0]                                                                                                                                | cpu_system_i/gpio_sw_btn/U0/AXI_LITE_IPIF_I/I_SLAVE_ATTACHMENT/SR[0]                                                                                                             |                2 |              8 |         4.00 |
|  cpu_system_i/clk_wiz_1/inst/clk_out1                        | cpu_system_i/timer/U0/AXI4_LITE_I/I_SLAVE_ATTACHMENT/I_DECODER/bus2ip_wrce[1]                                                                                                                                | cpu_system_i/timer/U0/TC_CORE_I/GEN_SECOND_TIMER.COUNTER_1_I/COUNTER_I/s_axi_aresetn_0                                                                                           |                2 |              9 |         4.50 |
|  cpu_system_i/mdm_1/U0/No_Dbg_Reg_Access.BUFG_DRCK/Dbg_Clk_0 | cpu_system_i/mdm_1/U0/MDM_Core_I1/JTAG_CONTROL_I/Use_BSCAN.FDC_I/Use_Serial_Unified_Completion.completion_block_reg                                                                                          |                                                                                                                                                                                  |                4 |             10 |         2.50 |
|  cpu_system_i/clk_wiz_1/inst/clk_out1                        |                                                                                                                                                                                                              | cpu_system_i/uartlite/U0/AXI_LITE_IPIF_I/I_SLAVE_ATTACHMENT/rst                                                                                                                  |                4 |             10 |         2.50 |
|  cpu_system_i/clk_wiz_1/inst/clk_out1                        | cpu_system_i/gpio_sw_btn/U0/AXI_LITE_IPIF_I/I_SLAVE_ATTACHMENT/s_axi_rresp_i                                                                                                                                 | cpu_system_i/gpio_sw_btn/U0/AXI_LITE_IPIF_I/I_SLAVE_ATTACHMENT/SR[0]                                                                                                             |                3 |             10 |         3.33 |
|  cpu_system_i/clk_wiz_1/inst/clk_out1                        |                                                                                                                                                                                                              | cpu_system_i/timer/U0/AXI4_LITE_I/I_SLAVE_ATTACHMENT/rst                                                                                                                         |                4 |             11 |         2.75 |
|  cpu_system_i/clk_wiz_1/inst/clk_out1                        |                                                                                                                                                                                                              | cpu_system_i/microblaze_0_axi_intc/U0/AXI_LITE_IPIF_I/I_SLAVE_ATTACHMENT/rst                                                                                                     |                6 |             11 |         1.83 |
|  cpu_system_i/clk_wiz_1/inst/clk_out1                        |                                                                                                                                                                                                              | cpu_system_i/timer/U0/TC_CORE_I/GEN_SECOND_TIMER.COUNTER_1_I/COUNTER_I/s_axi_aresetn_0                                                                                           |                3 |             12 |         4.00 |
|  cpu_system_i/clk_wiz_1/inst/clk_out1                        |                                                                                                                                                                                                              | cpu_system_i/gpio_sw_btn/U0/gpio_core_1/Read_Reg_Rst                                                                                                                             |                3 |             12 |         4.00 |
|  cpu_system_i/clk_wiz_1/inst/clk_out1                        |                                                                                                                                                                                                              | cpu_system_i/microblaze_0_axi_periph/xbar/inst/gen_sasd.crossbar_sasd_0/addr_arbiter_inst/SR[0]                                                                                  |                5 |             13 |         2.60 |
|  cpu_system_i/clk_wiz_1/inst/clk_out1                        | cpu_system_i/microblaze_0/U0/MicroBlaze_Core_I/Performance.Core/Decode_I/PreFetch_Buffer_I1/OF_Valid_DFF/E[0]                                                                                                | cpu_system_i/microblaze_0/U0/MicroBlaze_Core_I/sync_reset                                                                                                                        |                6 |             16 |         2.67 |
|  cpu_system_i/clk_wiz_1/inst/clk_out1                        | cpu_system_i/microblaze_0_axi_intc/U0/AXI_LITE_IPIF_I/I_SLAVE_ATTACHMENT/start2                                                                                                                              | cpu_system_i/microblaze_0_axi_intc/U0/AXI_LITE_IPIF_I/I_SLAVE_ATTACHMENT/I_DECODER/cs_ce_clr                                                                                     |                5 |             19 |         3.80 |
|  cpu_system_i/clk_wiz_1/inst/clk_out1                        | cpu_system_i/gpio_sw_btn/U0/AXI_LITE_IPIF_I/I_SLAVE_ATTACHMENT/start2                                                                                                                                        | cpu_system_i/gpio_sw_btn/U0/AXI_LITE_IPIF_I/I_SLAVE_ATTACHMENT/I_DECODER/cs_ce_clr                                                                                               |                4 |             21 |         5.25 |
|  cpu_system_i/clk_wiz_1/inst/clk_out1                        | cpu_system_i/microblaze_0/U0/MicroBlaze_Core_I/Performance.Core/Decode_I/mem_wait_on_ready_N_carry_or/MUXCY_I/lopt_1                                                                                         | cpu_system_i/microblaze_0/U0/MicroBlaze_Core_I/sync_reset                                                                                                                        |                5 |             21 |         4.20 |
|  cpu_system_i/mdm_1/U0/No_Dbg_Reg_Access.BUFG_DRCK/Dbg_Clk_0 |                                                                                                                                                                                                              | cpu_system_i/mdm_1/U0/Use_E2.BSCAN_I/Use_E2.BSCANE2_I_4                                                                                                                          |                4 |             23 |         5.75 |
|  cpu_system_i/clk_wiz_1/inst/clk_out1                        | cpu_system_i/microblaze_0_axi_periph/xbar/inst/gen_sasd.crossbar_sasd_0/addr_arbiter_inst/p_0_in1_in                                                                                                         | cpu_system_i/microblaze_0_axi_periph/xbar/inst/gen_sasd.crossbar_sasd_0/addr_arbiter_inst/SR[0]                                                                                  |                4 |             23 |         5.75 |
|  cpu_system_i/clk_wiz_1/inst/clk_out1                        | cpu_system_i/gpio_led_disp/U0/AXI_LITE_IPIF_I/I_SLAVE_ATTACHMENT/I_DECODER/bus2ip_rnw_i_reg[0]                                                                                                               | cpu_system_i/gpio_led_disp/U0/AXI_LITE_IPIF_I/I_SLAVE_ATTACHMENT/SR[0]                                                                                                           |                4 |             24 |         6.00 |
|  cpu_system_i/clk_wiz_1/inst/clk_out1                        | cpu_system_i/gpio_led_disp/U0/AXI_LITE_IPIF_I/I_SLAVE_ATTACHMENT/s_axi_rresp_i                                                                                                                               | cpu_system_i/gpio_led_disp/U0/AXI_LITE_IPIF_I/I_SLAVE_ATTACHMENT/SR[0]                                                                                                           |                8 |             25 |         3.12 |
|  cpu_system_i/clk_wiz_1/inst/clk_out1                        |                                                                                                                                                                                                              | cpu_system_i/uartlite/U0/UARTLITE_CORE_I/UARTLITE_RX_I/s_axi_aresetn_0                                                                                                           |                9 |             27 |         3.00 |
|  cpu_system_i/clk_wiz_1/inst/clk_out1                        | cpu_system_i/uartlite/U0/UARTLITE_CORE_I/BAUD_RATE_I/en_16x_Baud                                                                                                                                             | cpu_system_i/uartlite/U0/UARTLITE_CORE_I/UARTLITE_RX_I/s_axi_aresetn_0                                                                                                           |                9 |             28 |         3.11 |
|  cpu_system_i/clk_wiz_1/inst/clk_out1                        |                                                                                                                                                                                                              | cpu_system_i/microblaze_0_axi_intc/U0/INTC_CORE_I/SR[0]                                                                                                                          |                8 |             29 |         3.62 |
|  cpu_system_i/clk_wiz_1/inst/clk_out1                        | cpu_system_i/timer/U0/TC_CORE_I/TIMER_CONTROL_I/TCSR0_GENERATE[20].TCSR0_FF_I_1                                                                                                                              | cpu_system_i/timer/U0/TC_CORE_I/GEN_SECOND_TIMER.COUNTER_1_I/COUNTER_I/s_axi_aresetn_0                                                                                           |                5 |             32 |         6.40 |
|  cpu_system_i/clk_wiz_1/inst/clk_out1                        | cpu_system_i/timer/U0/TC_CORE_I/TIMER_CONTROL_I/CE                                                                                                                                                           | cpu_system_i/timer/U0/TC_CORE_I/GEN_SECOND_TIMER.COUNTER_1_I/COUNTER_I/s_axi_aresetn_0                                                                                           |                9 |             32 |         3.56 |
|  cpu_system_i/clk_wiz_1/inst/clk_out1                        | cpu_system_i/timer/U0/TC_CORE_I/TIMER_CONTROL_I/CE_0                                                                                                                                                         | cpu_system_i/timer/U0/TC_CORE_I/GEN_SECOND_TIMER.COUNTER_1_I/COUNTER_I/s_axi_aresetn_0                                                                                           |                9 |             32 |         3.56 |
|  cpu_system_i/clk_wiz_1/inst/clk_out1                        | cpu_system_i/timer/U0/TC_CORE_I/TIMER_CONTROL_I/generateOutPre0_reg_0                                                                                                                                        | cpu_system_i/timer/U0/TC_CORE_I/GEN_SECOND_TIMER.COUNTER_1_I/COUNTER_I/s_axi_aresetn_0                                                                                           |                4 |             32 |         8.00 |
|  cpu_system_i/clk_wiz_1/inst/clk_out1                        | cpu_system_i/microblaze_0/U0/MicroBlaze_Core_I/Performance.Core/Decode_I/mem_wait_on_ready_N_carry_or/MUXCY_I/lopt_1                                                                                         | cpu_system_i/microblaze_0/U0/MicroBlaze_Core_I/Performance.Core/Data_Flow_I/MUL_Unit_I/Use_HW_MUL.Using_DSP48_Architectures.Doing_mul64.Virtex_MUL64.wb_mul32_result[15]_i_1_n_0 |                7 |             32 |         4.57 |
|  cpu_system_i/clk_wiz_1/inst/clk_out1                        | cpu_system_i/microblaze_0/U0/MicroBlaze_Core_I/Performance.Core/Data_Flow_I/Using_Div_Unit.Div_unit_I1/E[0]                                                                                                  | cpu_system_i/microblaze_0/U0/MicroBlaze_Core_I/Performance.Core/Decode_I/ex_start_div                                                                                            |                8 |             32 |         4.00 |
|  cpu_system_i/clk_wiz_1/inst/clk_out1                        | cpu_system_i/microblaze_0/U0/MicroBlaze_Core_I/Performance.Core/Decode_I/mem_wait_on_ready_N_carry_or/MUXCY_I/lopt_1                                                                                         | cpu_system_i/microblaze_0/U0/MicroBlaze_Core_I/Performance.Core/Decode_I/Use_Async_Reset.sync_reset_reg[0]                                                                       |               13 |             32 |         2.46 |
|  cpu_system_i/clk_wiz_1/inst/clk_out1                        | cpu_system_i/microblaze_0/U0/MicroBlaze_Core_I/Performance.Core/Decode_I/ex_start_div                                                                                                                        |                                                                                                                                                                                  |                8 |             32 |         4.00 |
|  cpu_system_i/clk_wiz_1/inst/clk_out1                        | cpu_system_i/microblaze_0/U0/MicroBlaze_Core_I/Performance.Core/Decode_I/Use_MuxCy[3].OF_Piperun_Stage/MUXCY_I/E[0]                                                                                          | cpu_system_i/microblaze_0/U0/MicroBlaze_Core_I/sync_reset                                                                                                                        |               10 |             32 |         3.20 |
|  cpu_system_i/mdm_1/U0/No_Dbg_Reg_Access.BUFG_DRCK/Dbg_Clk_0 | cpu_system_i/microblaze_0/U0/MicroBlaze_Core_I/Performance.Core/Use_Debug_Logic.Master_Core.Debug_Perf/Serial_Dbg_Intf.New_Dbg_Instr_TCK                                                                     |                                                                                                                                                                                  |                9 |             32 |         3.56 |
|  cpu_system_i/clk_wiz_1/inst/clk_out1                        |                                                                                                                                                                                                              | cpu_system_i/microblaze_0/U0/MicroBlaze_Core_I/Performance.Core/wb_dlmb_valid_read_data0                                                                                         |               12 |             32 |         2.67 |
|  cpu_system_i/clk_wiz_1/inst/clk_out1                        | cpu_system_i/microblaze_0/U0/MicroBlaze_Core_I/Performance.Core/Decode_I/PreFetch_Buffer_I1/Gen_Mux_Select_LUT6[1].Gen_Sel_DFF/if_fetch_in_progress_reg[0]                                                   | cpu_system_i/microblaze_0/U0/MicroBlaze_Core_I/sync_reset                                                                                                                        |                6 |             32 |         5.33 |
|  cpu_system_i/clk_wiz_1/inst/clk_out1                        | cpu_system_i/microblaze_0_axi_intc/U0/AXI_LITE_IPIF_I/I_SLAVE_ATTACHMENT/s_axi_rresp_i                                                                                                                       | cpu_system_i/microblaze_0_axi_intc/U0/AXI_LITE_IPIF_I/I_SLAVE_ATTACHMENT/rst                                                                                                     |               12 |             32 |         2.67 |
|  cpu_system_i/clk_wiz_1/inst/clk_out1                        | cpu_system_i/microblaze_0/U0/MicroBlaze_Core_I/Performance.Core/Use_Debug_Logic.Master_Core.Debug_Perf/data_rd_reg[0]_i_1_n_0                                                                                | cpu_system_i/microblaze_0/U0/MicroBlaze_Core_I/sync_reset                                                                                                                        |               10 |             32 |         3.20 |
|  cpu_system_i/clk_wiz_1/inst/clk_out1                        | cpu_system_i/microblaze_0_axi_intc/U0/INTC_CORE_I/irq                                                                                                                                                        |                                                                                                                                                                                  |                8 |             32 |         4.00 |
|  cpu_system_i/clk_wiz_1/inst/clk_out1                        | cpu_system_i/microblaze_0/U0/MicroBlaze_Core_I/Performance.Core/Decode_I/Use_MuxCy[3].OF_Piperun_Stage/MUXCY_I/Using_FPGA.Native_0                                                                           | cpu_system_i/microblaze_0/U0/MicroBlaze_Core_I/Performance.Core/Decode_I/R                                                                                                       |               16 |             32 |         2.00 |
|  cpu_system_i/clk_wiz_1/inst/clk_out1                        | cpu_system_i/timer/U0/AXI4_LITE_I/I_SLAVE_ATTACHMENT/s_axi_rresp_i                                                                                                                                           | cpu_system_i/timer/U0/AXI4_LITE_I/I_SLAVE_ATTACHMENT/rst                                                                                                                         |               32 |             32 |         1.00 |
|  cpu_system_i/clk_wiz_1/inst/clk_out1                        | cpu_system_i/microblaze_0_axi_periph/xbar/inst/gen_sasd.crossbar_sasd_0/addr_arbiter_inst/s_axi_rvalid[0]                                                                                                    | cpu_system_i/microblaze_0/U0/MicroBlaze_Core_I/sync_reset                                                                                                                        |                7 |             32 |         4.57 |
|  cpu_system_i/clk_wiz_1/inst/clk_out1                        | cpu_system_i/microblaze_0_axi_periph/xbar/inst/gen_sasd.crossbar_sasd_0/addr_arbiter_inst/E[0]                                                                                                               |                                                                                                                                                                                  |                5 |             33 |         6.60 |
|  cpu_system_i/clk_wiz_1/inst/clk_out1                        | cpu_system_i/microblaze_0/U0/MicroBlaze_Core_I/Performance.Core/Decode_I/div_busy_reg[0]                                                                                                                     | cpu_system_i/microblaze_0/U0/MicroBlaze_Core_I/Performance.Core/Data_Flow_I/Zero_Detect_I/Zero_Detecting[1].I_Part_Of_Zero_Detect/SR[0]                                          |                9 |             33 |         3.67 |
|  cpu_system_i/clk_wiz_1/inst/clk_out1                        | cpu_system_i/microblaze_0/U0/MicroBlaze_Core_I/Performance.Core/Decode_I/mem_wait_on_ready_N_carry_or/MUXCY_I/lopt_1                                                                                         |                                                                                                                                                                                  |                7 |             34 |         4.86 |
|  cpu_system_i/clk_wiz_1/inst/clk_out1                        |                                                                                                                                                                                                              | cpu_system_i/gpio_led_disp/U0/AXI_LITE_IPIF_I/I_SLAVE_ATTACHMENT/I_DECODER/bus2ip_rnw_i_reg_0                                                                                    |                6 |             36 |         6.00 |
|  cpu_system_i/clk_wiz_1/inst/clk_out1                        | cpu_system_i/microblaze_0/U0/MicroBlaze_Core_I/Performance.Core/Decode_I/Use_MuxCy[3].OF_Piperun_Stage/MUXCY_I/Using_FPGA.Native_0                                                                           | cpu_system_i/microblaze_0/U0/MicroBlaze_Core_I/Performance.Core/Decode_I/SR[0]                                                                                                   |               13 |             36 |         2.77 |
|  cpu_system_i/clk_wiz_1/inst/clk_out1                        |                                                                                                                                                                                                              | cpu_system_i/gpio_led_disp/U0/AXI_LITE_IPIF_I/I_SLAVE_ATTACHMENT/SR[0]                                                                                                           |               12 |             40 |         3.33 |
|  cpu_system_i/mdm_1/U0/No_Dbg_Reg_Access.BUFG_DRCK/Dbg_Clk_0 | cpu_system_i/mdm_1/U0/Use_E2.BSCAN_I/Use_E2.BSCANE2_I_0                                                                                                                                                      |                                                                                                                                                                                  |               11 |             47 |         4.27 |
|  cpu_system_i/clk_wiz_1/inst/clk_out1                        | cpu_system_i/gpio_led_disp/U0/AXI_LITE_IPIF_I/I_SLAVE_ATTACHMENT/I_DECODER/E[0]                                                                                                                              | cpu_system_i/gpio_led_disp/U0/AXI_LITE_IPIF_I/I_SLAVE_ATTACHMENT/SR[0]                                                                                                           |               10 |             48 |         4.80 |
|  cpu_system_i/clk_wiz_1/inst/clk_out1                        |                                                                                                                                                                                                              | cpu_system_i/gpio_sw_btn/U0/AXI_LITE_IPIF_I/I_SLAVE_ATTACHMENT/SR[0]                                                                                                             |               17 |             57 |         3.35 |
|  cpu_system_i/clk_wiz_1/inst/clk_out1                        | cpu_system_i/microblaze_0/U0/MicroBlaze_Core_I/Performance.Core/Decode_I/Use_MuxCy[3].OF_Piperun_Stage/MUXCY_I/Using_FPGA.Native_0                                                                           | cpu_system_i/microblaze_0/U0/MicroBlaze_Core_I/Performance.Core/Decode_I/ex_is_bs_instr_I_reg_0                                                                                  |               28 |             63 |         2.25 |
|  cpu_system_i/clk_wiz_1/inst/clk_out1                        | cpu_system_i/microblaze_0_axi_intc/U0/AXI_LITE_IPIF_I/I_SLAVE_ATTACHMENT/I_DECODER/GEN_BKEND_CE_REGISTERS[16].ce_out_i_reg[16]_0[0]                                                                          |                                                                                                                                                                                  |                8 |             64 |         8.00 |
|  cpu_system_i/clk_wiz_1/inst/clk_out1                        | cpu_system_i/microblaze_0/U0/MicroBlaze_Core_I/Performance.Core/Decode_I/PreFetch_Buffer_I1/Instruction_Prefetch_Mux[42].Instr_Mux_MUXF7/IReady_0                                                            |                                                                                                                                                                                  |               10 |             75 |         7.50 |
|  cpu_system_i/mdm_1/U0/No_Dbg_Reg_Access.BUFG_DRCK/Dbg_Clk_0 |                                                                                                                                                                                                              |                                                                                                                                                                                  |               26 |             81 |         3.12 |
|  cpu_system_i/clk_wiz_1/inst/clk_out1                        | cpu_system_i/microblaze_0/U0/MicroBlaze_Core_I/Performance.Core/Decode_I/Use_MuxCy[3].OF_Piperun_Stage/MUXCY_I/Using_FPGA.Native_0                                                                           | cpu_system_i/microblaze_0/U0/MicroBlaze_Core_I/sync_reset                                                                                                                        |               40 |            117 |         2.92 |
|  cpu_system_i/clk_wiz_1/inst/clk_out1                        | cpu_system_i/microblaze_0/U0/MicroBlaze_Core_I/Performance.Core/Decode_I/wb_reset_reg_0                                                                                                                      |                                                                                                                                                                                  |               16 |            128 |         8.00 |
|  cpu_system_i/clk_wiz_1/inst/clk_out1                        |                                                                                                                                                                                                              | cpu_system_i/microblaze_0/U0/MicroBlaze_Core_I/sync_reset                                                                                                                        |               65 |            160 |         2.46 |
|  cpu_system_i/clk_wiz_1/inst/clk_out1                        | cpu_system_i/microblaze_0/U0/MicroBlaze_Core_I/Performance.Core/Decode_I/Use_MuxCy[11].OF_Piperun_Stage/MUXCY_I/Using_FPGA.Native_0                                                                          | cpu_system_i/microblaze_0/U0/MicroBlaze_Core_I/sync_reset                                                                                                                        |               85 |            237 |         2.79 |
|  cpu_system_i/clk_wiz_1/inst/clk_out1                        |                                                                                                                                                                                                              |                                                                                                                                                                                  |              101 |            333 |         3.30 |
+--------------------------------------------------------------+--------------------------------------------------------------------------------------------------------------------------------------------------------------------------------------------------------------+----------------------------------------------------------------------------------------------------------------------------------------------------------------------------------+------------------+----------------+--------------+


