12:44:41 **** Build of configuration Debug for project sw_led_1 ****
make all 
'Building file: ../src/main.c'
'Invoking: MicroBlaze gcc compiler'
mb-gcc -Wall -O0 -g3 -c -fmessage-length=0 -MT"src/main.o" -IE:/Egyetem/fpga_alapu_rendszerek/mb_system2/vitis/mb_platform/export/mb_platform/sw/mb_platform/standalone_domain/bspinclude/include -mlittle-endian -mxl-barrel-shift -mxl-pattern-compare -mno-xl-soft-div -mcpu=v11.0 -mno-xl-soft-mul -mxl-multiply-high -Wl,--no-relax -ffunction-sections -fdata-sections -MMD -MP -MF"src/main.d" -MT"src/main.o" -o "src/main.o" "../src/main.c"
'Finished building: ../src/main.c'
' '
'Building target: sw_led_1.elf'
'Invoking: MicroBlaze gcc linker'
mb-gcc -Wl,-T -Wl,../src/lscript.ld -LE:/Egyetem/fpga_alapu_rendszerek/mb_system2/vitis/mb_platform/export/mb_platform/sw/mb_platform/standalone_domain/bsplib/lib -mlittle-endian -mxl-barrel-shift -mxl-pattern-compare -mno-xl-soft-div -mcpu=v11.0 -mno-xl-soft-mul -mxl-multiply-high -Wl,--no-relax -Wl,--gc-sections -o "sw_led_1.elf"  ./src/main.o   -Wl,--start-group,-lxil,-lgcc,-lc,--end-group
'Finished building target: sw_led_1.elf'
' '
'Invoking: MicroBlaze Print Size'
mb-size sw_led_1.elf  |tee "sw_led_1.elf.size"
   text	   data	    bss	    dec	    hex	filename
   1880	    332	   3108	   5320	   14c8	sw_led_1.elf
'Finished building: sw_led_1.elf.size'
' '

12:44:42 Build Finished (took 998ms)

